+ Solver chosen : GUROBI
+ Processing objective function
+ Processing constraints
+ Calling GUROBI
Set parameter Username
Set parameter LicenseID to value 2812541
Set parameter LPWarmStart to value 1
Set parameter NodefileDir to value ""
Set parameter NLPHeur to value 1
Set parameter TuneTimeLimit to value 0
Academic license - for non-commercial use only - expires 2027-04-23
Gurobi Optimizer version 13.0.1 build v13.0.1rc0 (mac64[arm] - Darwin 25.5.0 25F80)

CPU model: Apple M5 Pro
Thread count: 18 physical cores, 18 logical processors, using up to 18 threads

Non-default parameters:
LPWarmStart  1
NLPHeur  1
TuneTimeLimit  0

Optimize a model with 6327 rows, 6085 columns and 24164 nonzeros (Min)
Model fingerprint: 0x7531d606
Model has 187 linear objective coefficients
Model has 33 SOS constraints
Variable types: 6085 continuous, 0 integer (0 binary)
Coefficient statistics:
  Matrix range     [1e+00, 2e+07]
  Objective range  [9e+03, 2e+07]
  Bounds range     [0e+00, 0e+00]
  RHS range        [1e+00, 2e+04]

Presolve removed 6057 rows and 3609 columns
Presolve time: 0.00s
Presolved: 270 rows, 2476 columns, 5264 nonzeros
Presolved model has 12 SOS constraint(s)
Variable types: 2476 continuous, 0 integer (0 binary)

Root relaxation: objective 1.263258e+10, 343 iterations, 0.00 seconds (0.00 work units)

    Nodes    |    Current Node    |     Objective Bounds      |     Work
 Expl Unexpl |  Obj  Depth IntInf | Incumbent    BestBd   Gap | It/Node Time

*    0     0               0    1.263258e+10 1.2633e+10  0.00%     -    0s

Explored 1 nodes (343 simplex iterations) in 0.03 seconds (0.01 work units)
Thread count was 18 (of 18 available processors)

Solution count 1: 1.26326e+10 

Optimal solution found (tolerance 1.00e-04)
Best objective 1.263258008269e+10, best bound 1.263258008269e+10, gap 0.0000%
+ Solver chosen : GUROBI
+ Processing objective function
+ Processing constraints
+ Calling GUROBI
Set parameter Username
Set parameter LicenseID to value 2812541
Set parameter LPWarmStart to value 1
Set parameter NodefileDir to value ""
Set parameter NLPHeur to value 1
Set parameter TuneTimeLimit to value 0
Academic license - for non-commercial use only - expires 2027-04-23
Gurobi Optimizer version 13.0.1 build v13.0.1rc0 (mac64[arm] - Darwin 25.5.0 25F80)

CPU model: Apple M5 Pro
Thread count: 18 physical cores, 18 logical processors, using up to 18 threads

Non-default parameters:
LPWarmStart  1
NLPHeur  1
TuneTimeLimit  0

Optimize a model with 6327 rows, 6085 columns and 24164 nonzeros (Min)
Model fingerprint: 0xa7c97ed2
Model has 187 linear objective coefficients
Model has 33 SOS constraints
Variable types: 6085 continuous, 0 integer (0 binary)
Coefficient statistics:
  Matrix range     [1e+00, 2e+07]
  Objective range  [9e+03, 2e+07]
  Bounds range     [0e+00, 0e+00]
  RHS range        [1e+00, 2e+04]

Presolve removed 6050 rows and 3517 columns
Presolve time: 0.00s
Presolved: 277 rows, 2568 columns, 5449 nonzeros
Presolved model has 15 SOS constraint(s)
Variable types: 2568 continuous, 0 integer (0 binary)

Root relaxation: objective 3.630318e+10, 330 iterations, 0.00 seconds (0.00 work units)

    Nodes    |    Current Node    |     Objective Bounds      |     Work
 Expl Unexpl |  Obj  Depth IntInf | Incumbent    BestBd   Gap | It/Node Time

*    0     0               0    3.630318e+10 3.6303e+10  0.00%     -    0s

Explored 1 nodes (330 simplex iterations) in 0.03 seconds (0.01 work units)
Thread count was 18 (of 18 available processors)

Solution count 2: 3.63032e+10 3.63032e+10 

Optimal solution found (tolerance 1.00e-04)
Best objective 3.630318008269e+10, best bound 3.630318008269e+10, gap 0.0000%
+ Solver chosen : GUROBI
+ Processing objective function
+ Processing constraints
+ Calling GUROBI
Set parameter Username
Set parameter LicenseID to value 2812541
Set parameter LPWarmStart to value 1
Set parameter NodefileDir to value ""
Set parameter NLPHeur to value 1
Set parameter TuneTimeLimit to value 0
Academic license - for non-commercial use only - expires 2027-04-23
Gurobi Optimizer version 13.0.1 build v13.0.1rc0 (mac64[arm] - Darwin 25.5.0 25F80)

CPU model: Apple M5 Pro
Thread count: 18 physical cores, 18 logical processors, using up to 18 threads

Non-default parameters:
LPWarmStart  1
NLPHeur  1
TuneTimeLimit  0

Optimize a model with 6327 rows, 6085 columns and 24164 nonzeros (Min)
Model fingerprint: 0x81b07937
Model has 187 linear objective coefficients
Model has 33 SOS constraints
Variable types: 6085 continuous, 0 integer (0 binary)
Coefficient statistics:
  Matrix range     [1e+00, 2e+07]
  Objective range  [9e+03, 2e+07]
  Bounds range     [0e+00, 0e+00]
  RHS range        [1e+00, 3e+04]

Presolve removed 6050 rows and 3517 columns
Presolve time: 0.00s
Presolved: 277 rows, 2568 columns, 5449 nonzeros
Presolved model has 15 SOS constraint(s)
Variable types: 2568 continuous, 0 integer (0 binary)

Root relaxation: objective 4.911258e+10, 333 iterations, 0.00 seconds (0.00 work units)

    Nodes    |    Current Node    |     Objective Bounds      |     Work
 Expl Unexpl |  Obj  Depth IntInf | Incumbent    BestBd   Gap | It/Node Time

*    0     0               0    4.911258e+10 4.9113e+10  0.00%     -    0s

Explored 1 nodes (333 simplex iterations) in 0.03 seconds (0.01 work units)
Thread count was 18 (of 18 available processors)

Solution count 2: 4.91126e+10 4.91126e+10 

Optimal solution found (tolerance 1.00e-04)
Best objective 4.911258008269e+10, best bound 4.911258008269e+10, gap 0.0000%
+ Solver chosen : GUROBI
+ Processing objective function
+ Processing constraints
+ Calling GUROBI
Set parameter Username
Set parameter LicenseID to value 2812541
Set parameter LPWarmStart to value 1
Set parameter NodefileDir to value ""
Set parameter NLPHeur to value 1
Set parameter TuneTimeLimit to value 0
Academic license - for non-commercial use only - expires 2027-04-23
Gurobi Optimizer version 13.0.1 build v13.0.1rc0 (mac64[arm] - Darwin 25.5.0 25F80)

CPU model: Apple M5 Pro
Thread count: 18 physical cores, 18 logical processors, using up to 18 threads

Non-default parameters:
LPWarmStart  1
NLPHeur  1
TuneTimeLimit  0

Optimize a model with 6327 rows, 6085 columns and 24164 nonzeros (Min)
Model fingerprint: 0x31c0905a
Model has 187 linear objective coefficients
Model has 33 SOS constraints
Variable types: 6085 continuous, 0 integer (0 binary)
Coefficient statistics:
  Matrix range     [1e+00, 2e+07]
  Objective range  [9e+03, 2e+07]
  Bounds range     [0e+00, 0e+00]
  RHS range        [1e+00, 2e+04]

Presolve removed 6057 rows and 3609 columns
Presolve time: 0.00s
Presolved: 270 rows, 2476 columns, 5264 nonzeros
Presolved model has 12 SOS constraint(s)
Variable types: 2476 continuous, 0 integer (0 binary)

Root relaxation: objective 1.786748e+10, 345 iterations, 0.00 seconds (0.00 work units)

    Nodes    |    Current Node    |     Objective Bounds      |     Work
 Expl Unexpl |  Obj  Depth IntInf | Incumbent    BestBd   Gap | It/Node Time

     0     0 1.7867e+10    0    4          - 1.7867e+10      -     -    0s
     0     0 1.7872e+10    0    4          - 1.7872e+10      -     -    0s
     0     0 1.7876e+10    0    4          - 1.7876e+10      -     -    0s
     0     0 1.7880e+10    0    4          - 1.7880e+10      -     -    0s
     0     0 1.7885e+10    0    4          - 1.7885e+10      -     -    0s
     0     0 1.7889e+10    0    4          - 1.7889e+10      -     -    0s
     0     0 1.7893e+10    0    4          - 1.7893e+10      -     -    0s
     0     0 1.7897e+10    0    4          - 1.7897e+10      -     -    0s
     0     0 1.7901e+10    0    4          - 1.7901e+10      -     -    0s
     0     0 1.7905e+10    0    4          - 1.7905e+10      -     -    0s
     0     0 1.7909e+10    0    4          - 1.7909e+10      -     -    0s
     0     0 1.8061e+10    0    4          - 1.8061e+10      -     -    0s
     0     2 1.8061e+10    0    4          - 1.8061e+10      -     -    0s
*  481   138              24    1.962751e+10 1.8503e+10  5.73%   3.7    0s
*  483   138              25    1.961481e+10 1.8503e+10  5.67%   3.7    0s
*  484   138              25    1.961180e+10 1.8503e+10  5.66%   3.7    0s
*  541   130              23    1.888661e+10 1.8503e+10  2.03%   3.4    0s
*  572   130              25    1.887087e+10 1.8503e+10  1.95%   3.4    0s
*  618   124              26    1.883598e+10 1.8503e+10  1.77%   3.3    0s
*  620   124              27    1.882127e+10 1.8503e+10  1.69%   3.3    0s
*  621   124              27    1.881500e+10 1.8503e+10  1.66%   3.3    0s
*  635   124              28    1.880899e+10 1.8503e+10  1.63%   3.3    0s
*  752    97              29    1.880850e+10 1.8503e+10  1.63%   3.0    0s

Explored 1174 nodes (3183 simplex iterations) in 0.10 seconds (0.09 work units)
Thread count was 18 (of 18 available processors)

Solution count 10: 1.88085e+10 1.88085e+10 1.8809e+10 ... 1.96148e+10

Optimal solution found (tolerance 1.00e-04)
Best objective 1.880849991904e+10, best bound 1.880849991904e+10, gap 0.0000%
+ Solver chosen : GUROBI
+ Processing objective function
+ Processing constraints
+ Calling GUROBI
Set parameter Username
Set parameter LicenseID to value 2812541
Set parameter LPWarmStart to value 1
Set parameter NodefileDir to value ""
Set parameter NLPHeur to value 1
Set parameter TuneTimeLimit to value 0
Academic license - for non-commercial use only - expires 2027-04-23
Gurobi Optimizer version 13.0.1 build v13.0.1rc0 (mac64[arm] - Darwin 25.5.0 25F80)

CPU model: Apple M5 Pro
Thread count: 18 physical cores, 18 logical processors, using up to 18 threads

Non-default parameters:
LPWarmStart  1
NLPHeur  1
TuneTimeLimit  0

Optimize a model with 6327 rows, 6085 columns and 24164 nonzeros (Min)
Model fingerprint: 0xdebd79ca
Model has 187 linear objective coefficients
Model has 33 SOS constraints
Variable types: 6085 continuous, 0 integer (0 binary)
Coefficient statistics:
  Matrix range     [1e+00, 2e+07]
  Objective range  [9e+03, 2e+07]
  Bounds range     [0e+00, 0e+00]
  RHS range        [1e+00, 2e+04]

Presolve removed 6050 rows and 3517 columns
Presolve time: 0.00s
Presolved: 277 rows, 2568 columns, 5449 nonzeros
Presolved model has 15 SOS constraint(s)
Variable types: 2568 continuous, 0 integer (0 binary)

Root relaxation: objective 5.276931e+10, 318 iterations, 0.00 seconds (0.00 work units)

    Nodes    |    Current Node    |     Objective Bounds      |     Work
 Expl Unexpl |  Obj  Depth IntInf | Incumbent    BestBd   Gap | It/Node Time

     0     0 5.2769e+10    0    5          - 5.2769e+10      -     -    0s
     0     0 5.2810e+10    0    5          - 5.2810e+10      -     -    0s
     0     0 5.2851e+10    0    5          - 5.2851e+10      -     -    0s
     0     0 5.2888e+10    0    5          - 5.2888e+10      -     -    0s
     0     0 5.2932e+10    0    5          - 5.2932e+10      -     -    0s
     0     0 5.2969e+10    0    5          - 5.2969e+10      -     -    0s
     0     0 5.3005e+10    0    5          - 5.3005e+10      -     -    0s
     0     0 5.3036e+10    0    5          - 5.3036e+10      -     -    0s
     0     0 5.3054e+10    0    5          - 5.3054e+10      -     -    0s
     0     0 5.3072e+10    0    5          - 5.3072e+10      -     -    0s
     0     0 5.3086e+10    0    4          - 5.3086e+10      -     -    0s
     0     0 5.3208e+10    0    4          - 5.3208e+10      -     -    0s
     0     2 5.3208e+10    0    4          - 5.3208e+10      -     -    0s
*  362   190              17    5.545790e+10 5.3806e+10  2.98%   6.2    0s
*  365   190              19    5.545104e+10 5.3806e+10  2.97%   6.1    0s
*  410   182              21    5.502878e+10 5.3806e+10  2.22%   5.6    0s
*  437   182              20    5.485756e+10 5.3806e+10  1.92%   5.3    0s
*  438   182              21    5.485070e+10 5.3806e+10  1.90%   5.3    0s
*  484   194              23    5.472479e+10 5.3806e+10  1.68%   5.0    0s
*  490   194              25    5.470317e+10 5.3806e+10  1.64%   4.9    0s
*  526   194              22    5.455068e+10 5.3806e+10  1.37%   4.7    0s
*  531   194              24    5.439600e+10 5.3806e+10  1.08%   4.6    0s
*  576   188              26    5.432390e+10 5.3806e+10  0.95%   4.4    0s
*  579   188              26    5.430773e+10 5.3806e+10  0.92%   4.4    0s
*  633   188              28    5.430453e+10 5.3806e+10  0.92%   4.2    0s
*  635   188              29    5.430354e+10 5.3806e+10  0.92%   4.2    0s
*  636   188              29    5.430354e+10 5.3806e+10  0.92%   4.2    0s
*  676   188              29    5.430322e+10 5.3918e+10  0.71%   4.0    0s
*  678   188              30    5.430223e+10 5.3918e+10  0.71%   4.0    0s
*  679   188              30    5.430223e+10 5.3918e+10  0.71%   4.0    0s
* 1079    11              29    5.430223e+10 5.4142e+10  0.30%   3.0    0s
* 1080    11              29    5.430222e+10 5.4142e+10  0.30%   3.0    0s

Explored 1209 nodes (3684 simplex iterations) in 0.11 seconds (0.10 work units)
Thread count was 18 (of 18 available processors)

Solution count 10: 5.43022e+10 5.43022e+10 5.43022e+10 ... 5.43077e+10

Optimal solution found (tolerance 1.00e-04)
Best objective 5.430222475671e+10, best bound 5.430222475671e+10, gap 0.0000%
+ Solver chosen : GUROBI
+ Processing objective function
+ Processing constraints
+ Calling GUROBI
Set parameter Username
Set parameter LicenseID to value 2812541
Set parameter LPWarmStart to value 1
Set parameter NodefileDir to value ""
Set parameter NLPHeur to value 1
Set parameter TuneTimeLimit to value 0
Academic license - for non-commercial use only - expires 2027-04-23
Gurobi Optimizer version 13.0.1 build v13.0.1rc0 (mac64[arm] - Darwin 25.5.0 25F80)

CPU model: Apple M5 Pro
Thread count: 18 physical cores, 18 logical processors, using up to 18 threads

Non-default parameters:
LPWarmStart  1
NLPHeur  1
TuneTimeLimit  0

Optimize a model with 6327 rows, 6085 columns and 24164 nonzeros (Min)
Model fingerprint: 0xf0275011
Model has 187 linear objective coefficients
Model has 33 SOS constraints
Variable types: 6085 continuous, 0 integer (0 binary)
Coefficient statistics:
  Matrix range     [1e+00, 2e+07]
  Objective range  [9e+03, 2e+07]
  Bounds range     [0e+00, 0e+00]
  RHS range        [1e+00, 3e+04]

Presolve removed 6050 rows and 3517 columns
Presolve time: 0.00s
Presolved: 277 rows, 2568 columns, 5449 nonzeros
Presolved model has 15 SOS constraint(s)
Variable types: 2568 continuous, 0 integer (0 binary)

Root relaxation: objective 7.140035e+10, 345 iterations, 0.00 seconds (0.00 work units)

    Nodes    |    Current Node    |     Objective Bounds      |     Work
 Expl Unexpl |  Obj  Depth IntInf | Incumbent    BestBd   Gap | It/Node Time

     0     0 7.1400e+10    0    5          - 7.1400e+10      -     -    0s
     0     0 7.1481e+10    0    5          - 7.1481e+10      -     -    0s
     0     0 7.1560e+10    0    5          - 7.1560e+10      -     -    0s
     0     0 7.1631e+10    0    5          - 7.1631e+10      -     -    0s
     0     0 7.1718e+10    0    5          - 7.1718e+10      -     -    0s
     0     0 7.1790e+10    0    5          - 7.1790e+10      -     -    0s
     0     0 7.1838e+10    0    5          - 7.1838e+10      -     -    0s
     0     0 7.1877e+10    0    5          - 7.1877e+10      -     -    0s
     0     0 7.1899e+10    0    5          - 7.1899e+10      -     -    0s
     0     0 7.1921e+10    0    5          - 7.1921e+10      -     -    0s
     0     0 7.1940e+10    0    4          - 7.1940e+10      -     -    0s
     0     0 7.2191e+10    0    4          - 7.2191e+10      -     -    0s
     0     2 7.2191e+10    0    4          - 7.2191e+10      -     -    0s
*   62    78              16    7.425457e+10 7.3165e+10  1.47%  10.0    0s
*   77    78              16    7.406896e+10 7.3165e+10  1.22%   9.7    0s
*  132    95              18    7.403994e+10 7.3289e+10  1.01%   8.8    0s
*  133    95              18    7.402377e+10 7.3289e+10  0.99%   8.7    0s
*  179    95              19    7.389022e+10 7.3289e+10  0.81%   8.0    0s
*  180    95              19    7.387406e+10 7.3289e+10  0.79%   8.0    0s
*  240   126              18    7.377317e+10 7.3299e+10  0.64%   7.2    0s
*  250   126              22    7.362271e+10 7.3299e+10  0.44%   7.1    0s
*  255   126              23    7.355267e+10 7.3299e+10  0.35%   7.1    0s
*  284   126              23    7.353876e+10 7.3299e+10  0.33%   6.8    0s
*  285   126              23    7.352259e+10 7.3299e+10  0.30%   6.8    0s
*  320    93              24    7.352128e+10 7.3299e+10  0.30%   6.8    0s
*  424   110              26    7.350738e+10 7.3338e+10  0.23%   6.2    0s
*  444   110              28    7.350651e+10 7.3338e+10  0.23%   6.1    0s
*  482   113              29    7.350380e+10 7.3338e+10  0.23%   6.0    0s
*  485   113              30    7.350248e+10 7.3338e+10  0.22%   6.0    0s
*  526   113              30    7.350187e+10 7.3338e+10  0.22%   5.8    0s
*  527   113              30    7.350187e+10 7.3338e+10  0.22%   5.8    0s
*  592    94              31    7.350149e+10 7.3338e+10  0.22%   5.6    0s
*  645    94              31    7.350148e+10 7.3381e+10  0.16%   5.4    0s

Explored 974 nodes (4873 simplex iterations) in 0.11 seconds (0.12 work units)
Thread count was 18 (of 18 available processors)

Solution count 10: 7.35015e+10 7.35015e+10 7.35015e+10 ... 7.35213e+10

Optimal solution found (tolerance 1.00e-04)
Best objective 7.350147743567e+10, best bound 7.350147743567e+10, gap 0.0000%
+ Solver chosen : GUROBI
+ Processing objective function
+ Processing constraints
+ Calling GUROBI
Set parameter Username
Set parameter LicenseID to value 2812541
Set parameter LPWarmStart to value 1
Set parameter NodefileDir to value ""
Set parameter NLPHeur to value 1
Set parameter TuneTimeLimit to value 0
Academic license - for non-commercial use only - expires 2027-04-23
Gurobi Optimizer version 13.0.1 build v13.0.1rc0 (mac64[arm] - Darwin 25.5.0 25F80)

CPU model: Apple M5 Pro
Thread count: 18 physical cores, 18 logical processors, using up to 18 threads

Non-default parameters:
LPWarmStart  1
NLPHeur  1
TuneTimeLimit  0

Optimize a model with 6327 rows, 6085 columns and 24164 nonzeros (Min)
Model fingerprint: 0xd43a50a0
Model has 187 linear objective coefficients
Model has 33 SOS constraints
Variable types: 6085 continuous, 0 integer (0 binary)
Coefficient statistics:
  Matrix range     [1e+00, 2e+07]
  Objective range  [9e+03, 2e+07]
  Bounds range     [0e+00, 0e+00]
  RHS range        [1e+00, 2e+04]

Presolve removed 6057 rows and 3609 columns
Presolve time: 0.00s
Presolved: 270 rows, 2476 columns, 5264 nonzeros
Presolved model has 12 SOS constraint(s)
Variable types: 2476 continuous, 0 integer (0 binary)

Root relaxation: objective 1.805403e+10, 355 iterations, 0.00 seconds (0.00 work units)

    Nodes    |    Current Node    |     Objective Bounds      |     Work
 Expl Unexpl |  Obj  Depth IntInf | Incumbent    BestBd   Gap | It/Node Time

     0     0 1.8054e+10    0    4          - 1.8054e+10      -     -    0s
     0     0 1.8060e+10    0    4          - 1.8060e+10      -     -    0s
     0     0 1.8065e+10    0    4          - 1.8065e+10      -     -    0s
     0     0 1.8071e+10    0    4          - 1.8071e+10      -     -    0s
     0     0 1.8077e+10    0    4          - 1.8077e+10      -     -    0s
     0     0 1.8083e+10    0    4          - 1.8083e+10      -     -    0s
     0     0 1.8088e+10    0    4          - 1.8088e+10      -     -    0s
     0     0 1.8094e+10    0    4          - 1.8094e+10      -     -    0s
     0     0 1.8099e+10    0    4          - 1.8099e+10      -     -    0s
     0     0 1.8104e+10    0    4          - 1.8104e+10      -     -    0s
     0     0 1.8110e+10    0    4          - 1.8110e+10      -     -    0s
     0     0 1.8258e+10    0    4          - 1.8258e+10      -     -    0s
     0     2 1.8258e+10    0    4          - 1.8258e+10      -     -    0s
H   85    34                    1.967497e+10 1.9145e+10  2.69%   6.9    0s
*  303    28              24    1.957302e+10 1.9404e+10  0.86%   3.9    0s
*  305    28              25    1.957274e+10 1.9404e+10  0.86%   3.9    0s
*  345    47              27    1.945649e+10 1.9413e+10  0.23%   3.9    0s
*  352    47              28    1.942454e+10 1.9417e+10  0.04%   3.9    0s
*  353    47              28    1.942425e+10 1.9417e+10  0.04%   3.9    0s

Explored 422 nodes (2051 simplex iterations) in 0.08 seconds (0.08 work units)
Thread count was 18 (of 18 available processors)

Solution count 6: 1.94243e+10 1.94245e+10 1.94565e+10 ... 1.9675e+10

Optimal solution found (tolerance 1.00e-04)
Best objective 1.942425247734e+10, best bound 1.942425247734e+10, gap 0.0000%
+ Solver chosen : GUROBI
+ Processing objective function
+ Processing constraints
+ Calling GUROBI
Set parameter Username
Set parameter LicenseID to value 2812541
Set parameter LPWarmStart to value 1
Set parameter NodefileDir to value ""
Set parameter NLPHeur to value 1
Set parameter TuneTimeLimit to value 0
Academic license - for non-commercial use only - expires 2027-04-23
Gurobi Optimizer version 13.0.1 build v13.0.1rc0 (mac64[arm] - Darwin 25.5.0 25F80)

CPU model: Apple M5 Pro
Thread count: 18 physical cores, 18 logical processors, using up to 18 threads

Non-default parameters:
LPWarmStart  1
NLPHeur  1
TuneTimeLimit  0

Optimize a model with 6327 rows, 6085 columns and 24164 nonzeros (Min)
Model fingerprint: 0x33e6dc1e
Model has 187 linear objective coefficients
Model has 33 SOS constraints
Variable types: 6085 continuous, 0 integer (0 binary)
Coefficient statistics:
  Matrix range     [1e+00, 2e+07]
  Objective range  [9e+03, 2e+07]
  Bounds range     [0e+00, 0e+00]
  RHS range        [1e+00, 2e+04]

Presolve removed 6050 rows and 3517 columns
Presolve time: 0.00s
Presolved: 277 rows, 2568 columns, 5449 nonzeros
Presolved model has 15 SOS constraint(s)
Variable types: 2568 continuous, 0 integer (0 binary)

Root relaxation: objective 5.680495e+10, 330 iterations, 0.00 seconds (0.00 work units)

    Nodes    |    Current Node    |     Objective Bounds      |     Work
 Expl Unexpl |  Obj  Depth IntInf | Incumbent    BestBd   Gap | It/Node Time

     0     0 5.6805e+10    0    5          - 5.6805e+10      -     -    0s
     0     0 5.6852e+10    0    5          - 5.6852e+10      -     -    0s
     0     0 5.6899e+10    0    5          - 5.6899e+10      -     -    0s
     0     0 5.6941e+10    0    5          - 5.6941e+10      -     -    0s
     0     0 5.6992e+10    0    5          - 5.6992e+10      -     -    0s
     0     0 5.7035e+10    0    5          - 5.7035e+10      -     -    0s
     0     0 5.7076e+10    0    5          - 5.7076e+10      -     -    0s
     0     0 5.7119e+10    0    5          - 5.7119e+10      -     -    0s
     0     0 5.7157e+10    0    5          - 5.7157e+10      -     -    0s
     0     0 5.7198e+10    0    5          - 5.7198e+10      -     -    0s
     0     0 5.7246e+10    0    5          - 5.7246e+10      -     -    0s
     0     0 5.7590e+10    0    5          - 5.7590e+10      -     -    0s
     0     2 5.7590e+10    0    5          - 5.7590e+10      -     -    0s
*  276    48              20    6.113056e+10 6.0027e+10  1.81%   2.8    0s
*  339    52              24    6.024780e+10 6.0104e+10  0.24%   2.5    0s
*  440    20              27    6.020927e+10 6.0147e+10  0.10%   2.4    0s
*  476    20              26    6.019601e+10 6.0156e+10  0.07%   2.3    0s
*  491     6              29    6.017528e+10 6.0156e+10  0.03%   2.3    0s
*  504     6              29    6.017019e+10 6.0160e+10  0.02%   2.2    0s
*  543     0              34    6.016929e+10 6.0163e+10  0.01%   2.1    0s
*  544     0              34    6.016269e+10 6.0163e+10  0.00%   2.1    0s

Explored 548 nodes (1532 simplex iterations) in 0.08 seconds (0.07 work units)
Thread count was 18 (of 18 available processors)

Solution count 9: 6.01627e+10 6.01627e+10 6.01693e+10 ... 6.11306e+10

Optimal solution found (tolerance 1.00e-04)
Best objective 6.016269285866e+10, best bound 6.016269285866e+10, gap 0.0000%
+ Solver chosen : GUROBI
+ Processing objective function
+ Processing constraints
+ Calling GUROBI
Set parameter Username
Set parameter LicenseID to value 2812541
Set parameter LPWarmStart to value 1
Set parameter NodefileDir to value ""
Set parameter NLPHeur to value 1
Set parameter TuneTimeLimit to value 0
Academic license - for non-commercial use only - expires 2027-04-23
Gurobi Optimizer version 13.0.1 build v13.0.1rc0 (mac64[arm] - Darwin 25.5.0 25F80)

CPU model: Apple M5 Pro
Thread count: 18 physical cores, 18 logical processors, using up to 18 threads

Non-default parameters:
LPWarmStart  1
NLPHeur  1
TuneTimeLimit  0

Optimize a model with 6327 rows, 6085 columns and 24164 nonzeros (Min)
Model fingerprint: 0x4278e7ee
Model has 187 linear objective coefficients
Model has 33 SOS constraints
Variable types: 6085 continuous, 0 integer (0 binary)
Coefficient statistics:
  Matrix range     [1e+00, 2e+07]
  Objective range  [9e+03, 2e+07]
  Bounds range     [0e+00, 0e+00]
  RHS range        [1e+00, 3e+04]

Presolve removed 6050 rows and 3517 columns
Presolve time: 0.00s
Presolved: 277 rows, 2568 columns, 5449 nonzeros
Presolved model has 15 SOS constraint(s)
Variable types: 2568 continuous, 0 integer (0 binary)

Root relaxation: objective 7.500522e+10, 322 iterations, 0.00 seconds (0.00 work units)

    Nodes    |    Current Node    |     Objective Bounds      |     Work
 Expl Unexpl |  Obj  Depth IntInf | Incumbent    BestBd   Gap | It/Node Time

     0     0 7.5005e+10    0    5          - 7.5005e+10      -     -    0s
     0     0 7.5093e+10    0    5          - 7.5093e+10      -     -    0s
     0     0 7.5181e+10    0    5          - 7.5181e+10      -     -    0s
     0     0 7.5260e+10    0    5          - 7.5260e+10      -     -    0s
     0     0 7.5355e+10    0    5          - 7.5355e+10      -     -    0s
     0     0 7.5436e+10    0    5          - 7.5436e+10      -     -    0s
     0     0 7.5512e+10    0    5          - 7.5512e+10      -     -    0s
     0     0 7.5593e+10    0    5          - 7.5593e+10      -     -    0s
     0     0 7.5662e+10    0    5          - 7.5662e+10      -     -    0s
     0     0 7.5739e+10    0    5          - 7.5739e+10      -     -    0s
     0     0 7.5829e+10    0    5          - 7.5829e+10      -     -    0s
     0     0 7.6577e+10    0    5          - 7.6577e+10      -     -    0s
     0     2 7.6577e+10    0    5          - 7.6577e+10      -     -    0s
H  188   124                    8.208483e+10 7.9785e+10  2.80%   7.8    0s
*  279   130              19    8.174966e+10 7.9794e+10  2.39%   6.3    0s
*  334   130              25    8.098952e+10 7.9794e+10  1.48%   5.6    0s
*  386   120              26    8.095123e+10 7.9795e+10  1.43%   5.2    0s
*  413   120              28    8.009515e+10 7.9795e+10  0.37%   4.9    0s
*  451    76              25    7.998298e+10 7.9797e+10  0.23%   4.8    0s
*  457    76              28    7.995341e+10 7.9801e+10  0.19%   4.8    0s
*  458    76              28    7.993254e+10 7.9801e+10  0.16%   4.8    0s
*  459    76              28    7.992796e+10 7.9801e+10  0.16%   4.7    0s
*  487    76              26    7.992258e+10 7.9801e+10  0.15%   4.6    0s
*  561    13              29    7.989280e+10 7.9801e+10  0.11%   4.2    0s
*  605    13              29    7.986983e+10 7.9803e+10  0.08%   4.0    0s
*  637     4              31    7.983260e+10 7.9803e+10  0.04%   3.9    0s
*  640     4              32    7.982893e+10 7.9803e+10  0.03%   3.9    0s
*  641     4              32    7.980826e+10 7.9803e+10  0.01%   3.9    0s
*  646     4              32    7.980659e+10 7.9803e+10  0.00%   3.8    0s
*  651     4              32    7.980388e+10 7.9803e+10  0.00%   3.8    0s

Explored 671 nodes (2912 simplex iterations) in 0.10 seconds (0.09 work units)
Thread count was 18 (of 18 available processors)

Solution count 10: 7.98039e+10 7.98039e+10 7.98066e+10 ... 7.9928e+10

Optimal solution found (tolerance 1.00e-04)
Best objective 7.980388379879e+10, best bound 7.980388379879e+10, gap 0.0000%
+ Solver chosen : GUROBI
+ Processing objective function
+ Processing constraints
+ Calling GUROBI
Set parameter Username
Set parameter LicenseID to value 2812541
Set parameter LPWarmStart to value 1
Set parameter NodefileDir to value ""
Set parameter NLPHeur to value 1
Set parameter TuneTimeLimit to value 0
Academic license - for non-commercial use only - expires 2027-04-23
Gurobi Optimizer version 13.0.1 build v13.0.1rc0 (mac64[arm] - Darwin 25.5.0 25F80)

CPU model: Apple M5 Pro
Thread count: 18 physical cores, 18 logical processors, using up to 18 threads

Non-default parameters:
LPWarmStart  1
NLPHeur  1
TuneTimeLimit  0

Optimize a model with 6327 rows, 6085 columns and 24164 nonzeros (Min)
Model fingerprint: 0x6de8bb06
Model has 187 linear objective coefficients
Model has 33 SOS constraints
Variable types: 6085 continuous, 0 integer (0 binary)
Coefficient statistics:
  Matrix range     [1e+00, 2e+07]
  Objective range  [9e+03, 2e+07]
  Bounds range     [0e+00, 0e+00]
  RHS range        [1e+00, 2e+04]

Presolve removed 6057 rows and 3609 columns
Presolve time: 0.00s
Presolved: 270 rows, 2476 columns, 5264 nonzeros
Presolved model has 12 SOS constraint(s)
Variable types: 2476 continuous, 0 integer (0 binary)

Root relaxation: objective 1.805403e+10, 355 iterations, 0.00 seconds (0.00 work units)

    Nodes    |    Current Node    |     Objective Bounds      |     Work
 Expl Unexpl |  Obj  Depth IntInf | Incumbent    BestBd   Gap | It/Node Time

     0     0 1.8054e+10    0    4          - 1.8054e+10      -     -    0s
     0     0 1.8060e+10    0    4          - 1.8060e+10      -     -    0s
     0     0 1.8065e+10    0    4          - 1.8065e+10      -     -    0s
     0     0 1.8071e+10    0    4          - 1.8071e+10      -     -    0s
     0     0 1.8077e+10    0    4          - 1.8077e+10      -     -    0s
     0     0 1.8083e+10    0    4          - 1.8083e+10      -     -    0s
     0     0 1.8088e+10    0    4          - 1.8088e+10      -     -    0s
     0     0 1.8094e+10    0    4          - 1.8094e+10      -     -    0s
     0     0 1.8099e+10    0    4          - 1.8099e+10      -     -    0s
     0     0 1.8104e+10    0    4          - 1.8104e+10      -     -    0s
     0     0 1.8110e+10    0    4          - 1.8110e+10      -     -    0s
     0     0 1.8258e+10    0    4          - 1.8258e+10      -     -    0s
     0     2 1.8258e+10    0    4          - 1.8258e+10      -     -    0s
H   85    34                    1.967497e+10 1.9145e+10  2.69%   6.9    0s
*  303    28              24    1.957302e+10 1.9404e+10  0.86%   3.9    0s
*  305    28              25    1.957274e+10 1.9404e+10  0.86%   3.9    0s
*  345    47              27    1.945649e+10 1.9413e+10  0.23%   3.9    0s
*  352    47              28    1.942454e+10 1.9417e+10  0.04%   3.9    0s
*  353    47              28    1.942425e+10 1.9417e+10  0.04%   3.9    0s

Explored 422 nodes (2047 simplex iterations) in 0.08 seconds (0.08 work units)
Thread count was 18 (of 18 available processors)

Solution count 6: 1.94243e+10 1.94245e+10 1.94565e+10 ... 1.9675e+10

Optimal solution found (tolerance 1.00e-04)
Best objective 1.942425247734e+10, best bound 1.942425247734e+10, gap 0.0000%
+ Solver chosen : GUROBI
+ Processing objective function
+ Processing constraints
+ Calling GUROBI
Set parameter Username
Set parameter LicenseID to value 2812541
Set parameter LPWarmStart to value 1
Set parameter NodefileDir to value ""
Set parameter NLPHeur to value 1
Set parameter TuneTimeLimit to value 0
Academic license - for non-commercial use only - expires 2027-04-23
Gurobi Optimizer version 13.0.1 build v13.0.1rc0 (mac64[arm] - Darwin 25.5.0 25F80)

CPU model: Apple M5 Pro
Thread count: 18 physical cores, 18 logical processors, using up to 18 threads

Non-default parameters:
LPWarmStart  1
NLPHeur  1
TuneTimeLimit  0

Optimize a model with 6327 rows, 6085 columns and 24164 nonzeros (Min)
Model fingerprint: 0xa8f59fbf
Model has 187 linear objective coefficients
Model has 33 SOS constraints
Variable types: 6085 continuous, 0 integer (0 binary)
Coefficient statistics:
  Matrix range     [1e+00, 2e+07]
  Objective range  [9e+03, 2e+07]
  Bounds range     [0e+00, 0e+00]
  RHS range        [1e+00, 2e+04]

Presolve removed 6050 rows and 3517 columns
Presolve time: 0.00s
Presolved: 277 rows, 2568 columns, 5449 nonzeros
Presolved model has 15 SOS constraint(s)
Variable types: 2568 continuous, 0 integer (0 binary)

Root relaxation: objective 6.029766e+10, 345 iterations, 0.00 seconds (0.00 work units)

    Nodes    |    Current Node    |     Objective Bounds      |     Work
 Expl Unexpl |  Obj  Depth IntInf | Incumbent    BestBd   Gap | It/Node Time

     0     0 6.0298e+10    0    5          - 6.0298e+10      -     -    0s
     0     0 6.0344e+10    0    5          - 6.0344e+10      -     -    0s
     0     0 6.0391e+10    0    5          - 6.0391e+10      -     -    0s
     0     0 6.0434e+10    0    5          - 6.0434e+10      -     -    0s
     0     0 6.0485e+10    0    5          - 6.0485e+10      -     -    0s
     0     0 6.0528e+10    0    5          - 6.0528e+10      -     -    0s
     0     0 6.0569e+10    0    5          - 6.0569e+10      -     -    0s
     0     0 6.0612e+10    0    5          - 6.0612e+10      -     -    0s
     0     0 6.0649e+10    0    5          - 6.0649e+10      -     -    0s
     0     0 6.0690e+10    0    5          - 6.0690e+10      -     -    0s
     0     0 6.0738e+10    0    5          - 6.0738e+10      -     -    0s
     0     0 6.1082e+10    0    5          - 6.1082e+10      -     -    0s
     0     2 6.1082e+10    0    5          - 6.1082e+10      -     -    0s
*  276    48              20    6.573702e+10 6.3519e+10  3.37%   2.7    0s
*  339    49              24    6.373404e+10 6.3596e+10  0.22%   2.4    0s
*  451    14              27    6.369466e+10 6.3651e+10  0.07%   2.2    0s
*  459    14              26    6.368490e+10 6.3651e+10  0.05%   2.2    0s
*  476    10              28    6.366570e+10 6.3653e+10  0.02%   2.1    0s
*  479    10              28    6.366101e+10 6.3653e+10  0.01%   2.1    0s
*  505     2              33    6.365540e+10 6.3655e+10  0.00%   2.1    0s

Explored 516 nodes (1438 simplex iterations) in 0.08 seconds (0.07 work units)
Thread count was 18 (of 18 available processors)

Solution count 8: 6.36554e+10 6.36554e+10 6.3661e+10 ... 6.5737e+10

Optimal solution found (tolerance 1.00e-04)
Best objective 6.365540419214e+10, best bound 6.365540419214e+10, gap 0.0000%
+ Solver chosen : GUROBI
+ Processing objective function
+ Processing constraints
+ Calling GUROBI
Set parameter Username
Set parameter LicenseID to value 2812541
Set parameter LPWarmStart to value 1
Set parameter NodefileDir to value ""
Set parameter NLPHeur to value 1
Set parameter TuneTimeLimit to value 0
Academic license - for non-commercial use only - expires 2027-04-23
Gurobi Optimizer version 13.0.1 build v13.0.1rc0 (mac64[arm] - Darwin 25.5.0 25F80)

CPU model: Apple M5 Pro
Thread count: 18 physical cores, 18 logical processors, using up to 18 threads

Non-default parameters:
LPWarmStart  1
NLPHeur  1
TuneTimeLimit  0

Optimize a model with 6327 rows, 6085 columns and 24164 nonzeros (Min)
Model fingerprint: 0x2b390a14
Model has 187 linear objective coefficients
Model has 33 SOS constraints
Variable types: 6085 continuous, 0 integer (0 binary)
Coefficient statistics:
  Matrix range     [1e+00, 2e+07]
  Objective range  [9e+03, 2e+07]
  Bounds range     [0e+00, 0e+00]
  RHS range        [1e+00, 3e+04]

Presolve removed 6050 rows and 3517 columns
Presolve time: 0.00s
Presolved: 277 rows, 2568 columns, 5449 nonzeros
Presolved model has 15 SOS constraint(s)
Variable types: 2568 continuous, 0 integer (0 binary)

Root relaxation: objective 7.688903e+10, 311 iterations, 0.00 seconds (0.00 work units)

    Nodes    |    Current Node    |     Objective Bounds      |     Work
 Expl Unexpl |  Obj  Depth IntInf | Incumbent    BestBd   Gap | It/Node Time

     0     0 7.6889e+10    0    5          - 7.6889e+10      -     -    0s
     0     0 7.6977e+10    0    5          - 7.6977e+10      -     -    0s
     0     0 7.7065e+10    0    5          - 7.7065e+10      -     -    0s
     0     0 7.7143e+10    0    5          - 7.7143e+10      -     -    0s
     0     0 7.7239e+10    0    5          - 7.7239e+10      -     -    0s
     0     0 7.7320e+10    0    5          - 7.7320e+10      -     -    0s
     0     0 7.7396e+10    0    5          - 7.7396e+10      -     -    0s
     0     0 7.7477e+10    0    5          - 7.7477e+10      -     -    0s
     0     0 7.7546e+10    0    5          - 7.7546e+10      -     -    0s
     0     0 7.7622e+10    0    5          - 7.7622e+10      -     -    0s
     0     0 7.7712e+10    0    5          - 7.7712e+10      -     -    0s
     0     0 7.8460e+10    0    5          - 7.8460e+10      -     -    0s
     0     2 7.8460e+10    0    5          - 7.8460e+10      -     -    0s
*  140    86              18    8.937208e+10 8.1668e+10  8.62%   8.5    0s
*  150    86              18    8.929177e+10 8.1668e+10  8.54%   8.1    0s
*  178   116              19    8.546050e+10 8.1671e+10  4.43%   8.0    0s
*  269   106              21    8.462530e+10 8.1676e+10  3.49%   6.3    0s
*  270   106              23    8.448806e+10 8.1676e+10  3.33%   6.4    0s
*  299   106              24    8.409111e+10 8.1676e+10  2.87%   5.9    0s
*  341    90              28    8.215928e+10 8.1676e+10  0.59%   5.3    0s
*  353    90              27    8.179218e+10 8.1676e+10  0.14%   5.2    0s
*  498     7              31    8.168489e+10 8.1684e+10  0.00%   4.2    0s

Explored 522 nodes (2490 simplex iterations) in 0.08 seconds (0.08 work units)
Thread count was 18 (of 18 available processors)

Solution count 10: 8.16849e+10 8.16849e+10 8.17922e+10 ... 8.93721e+10

Optimal solution found (tolerance 1.00e-04)
Best objective 8.168488909685e+10, best bound 8.168488909685e+10, gap 0.0000%
+ Solver chosen : GUROBI
+ Processing objective function
+ Processing constraints
+ Calling GUROBI
Set parameter Username
Set parameter LicenseID to value 2812541
Set parameter LPWarmStart to value 1
Set parameter NodefileDir to value ""
Set parameter NLPHeur to value 1
Set parameter TuneTimeLimit to value 0
Academic license - for non-commercial use only - expires 2027-04-23
Gurobi Optimizer version 13.0.1 build v13.0.1rc0 (mac64[arm] - Darwin 25.5.0 25F80)

CPU model: Apple M5 Pro
Thread count: 18 physical cores, 18 logical processors, using up to 18 threads

Non-default parameters:
LPWarmStart  1
NLPHeur  1
TuneTimeLimit  0

Optimize a model with 6327 rows, 6085 columns and 24164 nonzeros (Min)
Model fingerprint: 0xb3a190f8
Model has 187 linear objective coefficients
Model has 33 SOS constraints
Variable types: 6085 continuous, 0 integer (0 binary)
Coefficient statistics:
  Matrix range     [1e+00, 2e+07]
  Objective range  [9e+03, 2e+07]
  Bounds range     [0e+00, 0e+00]
  RHS range        [1e+00, 2e+04]

Presolve removed 6057 rows and 3609 columns
Presolve time: 0.00s
Presolved: 270 rows, 2476 columns, 5264 nonzeros
Presolved model has 12 SOS constraint(s)
Variable types: 2476 continuous, 0 integer (0 binary)

Root relaxation: objective 1.805403e+10, 355 iterations, 0.00 seconds (0.00 work units)

    Nodes    |    Current Node    |     Objective Bounds      |     Work
 Expl Unexpl |  Obj  Depth IntInf | Incumbent    BestBd   Gap | It/Node Time

     0     0 1.8054e+10    0    4          - 1.8054e+10      -     -    0s
     0     0 1.8060e+10    0    4          - 1.8060e+10      -     -    0s
     0     0 1.8065e+10    0    4          - 1.8065e+10      -     -    0s
     0     0 1.8071e+10    0    4          - 1.8071e+10      -     -    0s
     0     0 1.8077e+10    0    4          - 1.8077e+10      -     -    0s
     0     0 1.8083e+10    0    4          - 1.8083e+10      -     -    0s
     0     0 1.8088e+10    0    4          - 1.8088e+10      -     -    0s
     0     0 1.8094e+10    0    4          - 1.8094e+10      -     -    0s
     0     0 1.8099e+10    0    4          - 1.8099e+10      -     -    0s
     0     0 1.8104e+10    0    4          - 1.8104e+10      -     -    0s
     0     0 1.8110e+10    0    4          - 1.8110e+10      -     -    0s
     0     0 1.8258e+10    0    4          - 1.8258e+10      -     -    0s
     0     2 1.8258e+10    0    4          - 1.8258e+10      -     -    0s
H   85    34                    1.967497e+10 1.9145e+10  2.69%   6.9    0s
*  303    28              24    1.957302e+10 1.9404e+10  0.86%   3.9    0s
*  305    28              25    1.957274e+10 1.9404e+10  0.86%   3.9    0s
*  345    47              27    1.945649e+10 1.9413e+10  0.23%   3.8    0s
*  352    47              28    1.942454e+10 1.9417e+10  0.04%   3.9    0s
*  353    47              28    1.942425e+10 1.9417e+10  0.04%   3.9    0s

Explored 422 nodes (2045 simplex iterations) in 0.08 seconds (0.08 work units)
Thread count was 18 (of 18 available processors)

Solution count 6: 1.94243e+10 1.94245e+10 1.94565e+10 ... 1.9675e+10

Optimal solution found (tolerance 1.00e-04)
Best objective 1.942425247734e+10, best bound 1.942425247734e+10, gap 0.0000%
+ Solver chosen : GUROBI
+ Processing objective function
+ Processing constraints
+ Calling GUROBI
Set parameter Username
Set parameter LicenseID to value 2812541
Set parameter LPWarmStart to value 1
Set parameter NodefileDir to value ""
Set parameter NLPHeur to value 1
Set parameter TuneTimeLimit to value 0
Academic license - for non-commercial use only - expires 2027-04-23
Gurobi Optimizer version 13.0.1 build v13.0.1rc0 (mac64[arm] - Darwin 25.5.0 25F80)

CPU model: Apple M5 Pro
Thread count: 18 physical cores, 18 logical processors, using up to 18 threads

Non-default parameters:
LPWarmStart  1
NLPHeur  1
TuneTimeLimit  0

Optimize a model with 6327 rows, 6085 columns and 24164 nonzeros (Min)
Model fingerprint: 0x47172519
Model has 187 linear objective coefficients
Model has 33 SOS constraints
Variable types: 6085 continuous, 0 integer (0 binary)
Coefficient statistics:
  Matrix range     [1e+00, 2e+07]
  Objective range  [9e+03, 2e+07]
  Bounds range     [0e+00, 0e+00]
  RHS range        [1e+00, 2e+04]

Presolve removed 6050 rows and 3517 columns
Presolve time: 0.00s
Presolved: 277 rows, 2568 columns, 5449 nonzeros
Presolved model has 15 SOS constraint(s)
Variable types: 2568 continuous, 0 integer (0 binary)

Root relaxation: objective 6.379037e+10, 341 iterations, 0.00 seconds (0.00 work units)

    Nodes    |    Current Node    |     Objective Bounds      |     Work
 Expl Unexpl |  Obj  Depth IntInf | Incumbent    BestBd   Gap | It/Node Time

     0     0 6.3790e+10    0    5          - 6.3790e+10      -     -    0s
     0     0 6.3837e+10    0    5          - 6.3837e+10      -     -    0s
     0     0 6.3884e+10    0    5          - 6.3884e+10      -     -    0s
     0     0 6.3926e+10    0    5          - 6.3926e+10      -     -    0s
     0     0 6.3977e+10    0    5          - 6.3977e+10      -     -    0s
     0     0 6.4021e+10    0    5          - 6.4021e+10      -     -    0s
     0     0 6.4062e+10    0    5          - 6.4062e+10      -     -    0s
     0     0 6.4105e+10    0    5          - 6.4105e+10      -     -    0s
     0     0 6.4142e+10    0    5          - 6.4142e+10      -     -    0s
     0     0 6.4183e+10    0    5          - 6.4183e+10      -     -    0s
     0     0 6.4231e+10    0    5          - 6.4231e+10      -     -    0s
     0     0 6.4575e+10    0    5          - 6.4575e+10      -     -    0s
     0     2 6.4575e+10    0    5          - 6.4575e+10      -     -    0s
*  276    48              20    7.034349e+10 6.7023e+10  4.72%   3.1    0s
*  344    51              23    6.742340e+10 6.7098e+10  0.48%   2.7    0s
*  348    51              25    6.737474e+10 6.7098e+10  0.41%   2.7    0s
*  415    51              25    6.722028e+10 6.7116e+10  0.15%   2.6    0s
*  477    14              27    6.717378e+10 6.7134e+10  0.06%   2.4    0s
*  485    10              31    6.715184e+10 6.7134e+10  0.03%   2.4    0s
*  486    10              31    6.715165e+10 6.7134e+10  0.03%   2.4    0s

Explored 539 nodes (1735 simplex iterations) in 0.08 seconds (0.07 work units)
Thread count was 18 (of 18 available processors)

Solution count 8: 6.71516e+10 6.71516e+10 6.71518e+10 ... 7.03435e+10

Optimal solution found (tolerance 1.00e-04)
Best objective 6.715164833891e+10, best bound 6.714753061839e+10, gap 0.0061%
+ Solver chosen : GUROBI
+ Processing objective function
+ Processing constraints
+ Calling GUROBI
Set parameter Username
Set parameter LicenseID to value 2812541
Set parameter LPWarmStart to value 1
Set parameter NodefileDir to value ""
Set parameter NLPHeur to value 1
Set parameter TuneTimeLimit to value 0
Academic license - for non-commercial use only - expires 2027-04-23
Gurobi Optimizer version 13.0.1 build v13.0.1rc0 (mac64[arm] - Darwin 25.5.0 25F80)

CPU model: Apple M5 Pro
Thread count: 18 physical cores, 18 logical processors, using up to 18 threads

Non-default parameters:
LPWarmStart  1
NLPHeur  1
TuneTimeLimit  0

Optimize a model with 6327 rows, 6085 columns and 24164 nonzeros (Min)
Model fingerprint: 0x0c6e7c93
Model has 187 linear objective coefficients
Model has 33 SOS constraints
Variable types: 6085 continuous, 0 integer (0 binary)
Coefficient statistics:
  Matrix range     [1e+00, 2e+07]
  Objective range  [9e+03, 2e+07]
  Bounds range     [0e+00, 0e+00]
  RHS range        [1e+00, 3e+04]

Presolve removed 6050 rows and 3517 columns
Presolve time: 0.00s
Presolved: 277 rows, 2568 columns, 5449 nonzeros
Presolved model has 15 SOS constraint(s)
Variable types: 2568 continuous, 0 integer (0 binary)

Root relaxation: objective 7.877285e+10, 316 iterations, 0.00 seconds (0.00 work units)

    Nodes    |    Current Node    |     Objective Bounds      |     Work
 Expl Unexpl |  Obj  Depth IntInf | Incumbent    BestBd   Gap | It/Node Time

     0     0 7.8773e+10    0    5          - 7.8773e+10      -     -    0s
     0     0 7.8861e+10    0    5          - 7.8861e+10      -     -    0s
     0     0 7.8949e+10    0    5          - 7.8949e+10      -     -    0s
     0     0 7.9027e+10    0    5          - 7.9027e+10      -     -    0s
     0     0 7.9123e+10    0    5          - 7.9123e+10      -     -    0s
     0     0 7.9204e+10    0    5          - 7.9204e+10      -     -    0s
     0     0 7.9280e+10    0    5          - 7.9280e+10      -     -    0s
     0     0 7.9361e+10    0    5          - 7.9361e+10      -     -    0s
     0     0 7.9430e+10    0    5          - 7.9430e+10      -     -    0s
     0     0 7.9506e+10    0    5          - 7.9506e+10      -     -    0s
     0     0 7.9596e+10    0    5          - 7.9596e+10      -     -    0s
     0     0 8.0344e+10    0    5          - 8.0344e+10      -     -    0s
     0     2 8.0344e+10    0    5          - 8.0344e+10      -     -    0s
H  193   128                    9.066916e+10 8.3539e+10  7.86%   7.9    0s
*  283   110              22    9.064386e+10 8.3549e+10  7.83%   6.4    0s
*  303   110              25    8.710842e+10 8.3549e+10  4.09%   6.1    0s
*  412    94              28    8.483469e+10 8.3552e+10  1.51%   4.8    0s
*  428    94              28    8.427928e+10 8.3552e+10  0.86%   4.8    0s
*  467    33              29    8.377871e+10 8.3557e+10  0.26%   4.6    0s
*  474    33              30    8.374086e+10 8.3557e+10  0.22%   4.6    0s
*  477    33              30    8.372019e+10 8.3557e+10  0.19%   4.5    0s
*  555     5              30    8.371415e+10 8.3557e+10  0.19%   4.1    0s
*  564     5              32    8.356219e+10 8.3558e+10  0.01%   4.1    0s

Explored 592 nodes (2723 simplex iterations) in 0.09 seconds (0.08 work units)
Thread count was 18 (of 18 available processors)

Solution count 10: 8.35622e+10 8.35622e+10 8.37142e+10 ... 9.06439e+10

Optimal solution found (tolerance 1.00e-04)
Best objective 8.356219126533e+10, best bound 8.355770443649e+10, gap 0.0054%
    Year              Scenario              ImportCost_EURperMWh    ImportCost_EURperKgH2    SolverProblemCode    EuropeanOffshoreSupply_TWh    InternationalImport_TWh    TotalCarbonReduction_Mt    EuropeanOffshoreCarbonContribution_Mt    TotalCost_BnEUR    ImportCost_BnEUR    TopGrossExporter    TopGrossExport_TWh    TopNetExporter    TopNetExport_TWh    IrelandNetExport_TWh    UKNetExport_TWh    IrelandCarbonContribution_Mt    UKCarbonContribution_Mt
    ____    ____________________________    ____________________    _____________________    _________________    __________________________    _______________________    _______________________    _____________________________________    _______________    ________________    ________________    __________________    ______________    ________________    ____________________    _______________    ____________________________    _______________________

    2030    "Outside option 2 EUR/kg-H2"             60                         2                    0                           0                      210.39                     43.014                                 0                        12.633              12.623               "BE"                     0               "IE"               -1.36                 -1.36                -24.82                        0                            0         
    2040    "Outside option 2 EUR/kg-H2"             60                         2                    0                           0                       604.9                     128.62                                 0                        36.303              36.294               "BE"                     0               "IE"               -3.89                 -3.89                -73.08                        0                            0         
    2050    "Outside option 2 EUR/kg-H2"             60                         2                    0                           0                      818.39                     174.33                                 0                        49.113              49.103               "BE"                     0               "IE"               -5.33                 -5.33               -100.88                        0                            0         
    2030    "Outside option 3 EUR/kg-H2"             90                         3                    0                      77.996                       132.9                     43.014                            15.343                        18.808              11.961               "DK"                 27.02               "DK"               27.02                5.1441               -6.5641                   1.2878                       3.6147         
    2040    "Outside option 3 EUR/kg-H2"             90                         3                    0                      82.978                      522.23                     128.62                             16.37                        54.302                  47               "DK"                16.644               "DK"              16.644                2.6528               -47.233                   1.2955                       5.1177         
    2050    "Outside option 3 EUR/kg-H2"             90                         3                    0                      98.158                      720.71                     174.33                            19.342                        73.501              64.863               "DK"                28.802               "DK"              28.802                1.2349               -75.033                   1.2998                       5.1177         
    2030    "Outside option 4 EUR/kg-H2"            120                         4                    0                      213.42                           0                     43.457                            43.457                        19.424                   0               "GB"                78.234               "GB"              78.234                14.124                78.234                   3.3521                         20.9         
    2040    "Outside option 4 EUR/kg-H2"            120                         4                    0                      494.89                      116.42                     129.66                            97.757                        60.163              13.971               "GB"                129.63               "GB"              122.08                82.609                122.08                   17.127                       38.642         
    2050    "Outside option 4 EUR/kg-H2"            120                         4                    0                      766.62                      62.794                     175.32                            150.61                        79.804              7.5353               "GB"                171.58               "GB"              162.14                160.72                162.14                   32.878                       52.078         
    2030    "Outside option 5 EUR/kg-H2"            150                         5                    0                      213.42                           0                     43.457                            43.457                        19.424                   0               "GB"                78.234               "GB"              78.234                14.124                78.234                   3.3521                         20.9         
    2040    "Outside option 5 EUR/kg-H2"            150                         5                    0                      494.89                      116.42                     129.66                            97.757                        63.655              17.464               "GB"                129.63               "GB"              122.08                82.609                122.08                   17.127                       38.642         
    2050    "Outside option 5 EUR/kg-H2"            150                         5                    0                      766.62                       62.53                     175.33                            152.62                        81.685              9.3794               "GB"                162.14               "GB"              162.14                161.04                162.14                   32.941                       54.033         
    2030    "Outside option 6 EUR/kg-H2"            180                    5.9999                    0                      213.42                           0                     43.457                            43.457                        19.424                   0               "GB"                78.234               "GB"              78.234                14.124                78.234                   3.3521                         20.9         
    2040    "Outside option 6 EUR/kg-H2"            180                    5.9999                    0                      494.89                      116.19                     129.68                            100.12                        67.152              20.914               "GB"                122.08               "GB"              122.08                82.926                122.08                    17.19                       40.206         
    2050    "Outside option 6 EUR/kg-H2"            180                    5.9999                    0                      766.62                       62.52                     175.34                            152.78                        83.562              11.254               "GB"                 163.6               "GB"              162.14                161.06                162.14                   32.946                       53.731         

+ Solver chosen : GUROBI
+ Processing objective function
+ Processing constraints
+ Calling GUROBI
Set parameter Username
Set parameter LicenseID to value 2812541
Set parameter MIPGap to value 0.01
Set parameter LPWarmStart to value 1
Set parameter NodefileDir to value ""
Set parameter NLPHeur to value 1
Set parameter TuneTimeLimit to value 0
Academic license - for non-commercial use only - expires 2027-04-23
Gurobi Optimizer version 13.0.1 build v13.0.1rc0 (mac64[arm] - Darwin 25.5.0 25F80)

CPU model: Apple M5 Pro
Thread count: 18 physical cores, 18 logical processors, using up to 18 threads

Non-default parameters:
MIPGap  0.01
LPWarmStart  1
NLPHeur  1
TuneTimeLimit  0

Optimize a model with 6327 rows, 6085 columns and 24164 nonzeros (Min)
Model fingerprint: 0x414e2315
Model has 187 linear objective coefficients
Model has 33 SOS constraints
Variable types: 6085 continuous, 0 integer (0 binary)
Coefficient statistics:
  Matrix range     [1e+00, 2e+07]
  Objective range  [9e+03, 1e+09]
  Bounds range     [0e+00, 0e+00]
  RHS range        [1e+00, 2e+04]

Presolve removed 6050 rows and 3004 columns
Presolve time: 0.00s
Presolved: 277 rows, 3081 columns, 6475 nonzeros
Presolved model has 15 SOS constraint(s)
Variable types: 3081 continuous, 0 integer (0 binary)

Root relaxation: objective 1.796311e+10, 381 iterations, 0.00 seconds (0.00 work units)

    Nodes    |    Current Node    |     Objective Bounds      |     Work
 Expl Unexpl |  Obj  Depth IntInf | Incumbent    BestBd   Gap | It/Node Time

     0     0 1.7963e+10    0    5          - 1.7963e+10      -     -    0s
     0     0 1.7969e+10    0    5          - 1.7969e+10      -     -    0s
     0     0 1.7975e+10    0    5          - 1.7975e+10      -     -    0s
     0     0 1.7980e+10    0    5          - 1.7980e+10      -     -    0s
     0     0 1.7986e+10    0    5          - 1.7986e+10      -     -    0s
     0     0 1.7992e+10    0    5          - 1.7992e+10      -     -    0s
     0     0 1.7997e+10    0    5          - 1.7997e+10      -     -    0s
     0     0 1.8003e+10    0    5          - 1.8003e+10      -     -    0s
     0     0 1.8008e+10    0    5          - 1.8008e+10      -     -    0s
     0     0 1.8013e+10    0    5          - 1.8013e+10      -     -    0s
     0     0 1.8019e+10    0    5          - 1.8019e+10      -     -    0s
     0     0 1.8194e+10    0    5          - 1.8194e+10      -     -    0s
     0     2 1.8194e+10    0    5          - 1.8194e+10      -     -    0s
*   48    10              13    2.373160e+10 1.9082e+10  19.6%  13.4    0s
*   78    26              14    2.117921e+10 1.9100e+10  9.82%  12.9    0s
H  105    42                    1.968593e+10 1.9127e+10  2.84%  11.6    0s
*  342    63              28    1.948642e+10 1.9176e+10  1.59%   7.6    0s
*  424    38              30    1.948537e+10 1.9176e+10  1.59%   7.5    0s
*  426    38              31    1.948487e+10 1.9176e+10  1.59%   7.5    0s
H  494    56                    1.938318e+10 1.9176e+10  1.07%   7.1    0s
*  640    28              35    1.936763e+10 1.9176e+10  0.99%   6.5    0s
*  642    28              36    1.936757e+10 1.9176e+10  0.99%   6.5    0s
*  644    28              37    1.936751e+10 1.9176e+10  0.99%   6.5    0s

Explored 691 nodes (4824 simplex iterations) in 0.12 seconds (0.14 work units)
Thread count was 18 (of 18 available processors)

Solution count 10: 1.93675e+10 1.93675e+10 1.93676e+10 ... 2.11792e+10

Optimal solution found (tolerance 1.00e-02)
Best objective 1.936750665177e+10, best bound 1.931738575194e+10, gap 0.2588%
+ Solver chosen : GUROBI
+ Processing objective function
+ Processing constraints
+ Calling GUROBI
Set parameter Username
Set parameter LicenseID to value 2812541
Set parameter MIPGap to value 0.01
Set parameter LPWarmStart to value 1
Set parameter NodefileDir to value ""
Set parameter NLPHeur to value 1
Set parameter TuneTimeLimit to value 0
Academic license - for non-commercial use only - expires 2027-04-23
Gurobi Optimizer version 13.0.1 build v13.0.1rc0 (mac64[arm] - Darwin 25.5.0 25F80)

CPU model: Apple M5 Pro
Thread count: 18 physical cores, 18 logical processors, using up to 18 threads

Non-default parameters:
MIPGap  0.01
LPWarmStart  1
NLPHeur  1
TuneTimeLimit  0

Optimize a model with 6327 rows, 6085 columns and 24164 nonzeros (Min)
Model fingerprint: 0xf0ffbee5
Model has 187 linear objective coefficients
Model has 33 SOS constraints
Variable types: 6085 continuous, 0 integer (0 binary)
Coefficient statistics:
  Matrix range     [1e+00, 2e+07]
  Objective range  [9e+03, 1e+09]
  Bounds range     [0e+00, 0e+00]
  RHS range        [1e+00, 3e+04]

Presolve removed 6050 rows and 3517 columns
Presolve time: 0.00s
Presolved: 277 rows, 2568 columns, 5449 nonzeros
Presolved model has 15 SOS constraint(s)
Variable types: 2568 continuous, 0 integer (0 binary)

Root relaxation: objective 4.675422e+11, 341 iterations, 0.00 seconds (0.00 work units)

    Nodes    |    Current Node    |     Objective Bounds      |     Work
 Expl Unexpl |  Obj  Depth IntInf | Incumbent    BestBd   Gap | It/Node Time

     0     0 4.6754e+11    0    5          - 4.6754e+11      -     -    0s
     0     0 4.6762e+11    0    5          - 4.6762e+11      -     -    0s
     0     0 4.6769e+11    0    5          - 4.6769e+11      -     -    0s
     0     0 4.6776e+11    0    5          - 4.6776e+11      -     -    0s
     0     0 4.6784e+11    0    5          - 4.6784e+11      -     -    0s
     0     0 4.6791e+11    0    5          - 4.6791e+11      -     -    0s
     0     0 4.6797e+11    0    5          - 4.6797e+11      -     -    0s
     0     0 4.6804e+11    0    5          - 4.6804e+11      -     -    0s
     0     0 4.6810e+11    0    5          - 4.6810e+11      -     -    0s
     0     0 4.6817e+11    0    5          - 4.6817e+11      -     -    0s
     0     0 4.6824e+11    0    5          - 4.6824e+11      -     -    0s
     0     0 4.6888e+11    0    5          - 4.6888e+11      -     -    0s
     0     2 4.6888e+11    0    5          - 4.6888e+11      -     -    0s
*  333    68              21    3.670919e+12 4.7155e+11  87.2%   2.6    0s
*  420    57              23    2.934172e+12 4.7159e+11  83.9%   2.5    0s
*  421    57              23    2.512773e+12 4.7159e+11  81.2%   2.5    0s
*  462    79              27    2.021184e+12 4.7159e+11  76.7%   2.4    0s
*  464    79              28    2.007756e+12 4.7159e+11  76.5%   2.4    0s
*  465    79              28    2.006048e+12 4.7159e+11  76.5%   2.4    0s
*  487    79              26    9.861181e+11 4.7160e+11  52.2%   2.3    0s
*  489    79              27    9.768277e+11 4.7160e+11  51.7%   2.3    0s
*  565    26              29    6.803510e+11 4.7160e+11  30.7%   2.5    0s
*  624    17              33    5.989587e+11 4.7160e+11  21.3%   2.4    0s
*  625    17              33    5.948943e+11 4.7160e+11  20.7%   2.4    0s
*  629    17              33    4.756621e+11 4.7160e+11  0.85%   2.4    0s
*  630    17              33    4.715976e+11 4.7160e+11  0.00%   2.4    0s

Explored 692 nodes (2237 simplex iterations) in 0.11 seconds (0.16 work units)
Thread count was 18 (of 18 available processors)

Solution count 10: 4.71598e+11 4.71598e+11 4.75662e+11 ... 2.00776e+12

Optimal solution found (tolerance 1.00e-02)
Best objective 4.715976190608e+11, best bound 4.715976190608e+11, gap 0.0000%
+ Solver chosen : GUROBI
+ Processing objective function
+ Processing constraints
+ Calling GUROBI
Set parameter Username
Set parameter LicenseID to value 2812541
Set parameter MIPGap to value 0.01
Set parameter LPWarmStart to value 1
Set parameter NodefileDir to value ""
Set parameter NLPHeur to value 1
Set parameter TuneTimeLimit to value 0
Academic license - for non-commercial use only - expires 2027-04-23
Gurobi Optimizer version 13.0.1 build v13.0.1rc0 (mac64[arm] - Darwin 25.5.0 25F80)

CPU model: Apple M5 Pro
Thread count: 18 physical cores, 18 logical processors, using up to 18 threads

Non-default parameters:
MIPGap  0.01
LPWarmStart  1
NLPHeur  1
TuneTimeLimit  0

Optimize a model with 6327 rows, 6085 columns and 24164 nonzeros (Min)
Model fingerprint: 0xf3e541a7
Model has 187 linear objective coefficients
Model has 33 SOS constraints
Variable types: 6085 continuous, 0 integer (0 binary)
Coefficient statistics:
  Matrix range     [1e+00, 2e+07]
  Objective range  [9e+03, 1e+09]
  Bounds range     [0e+00, 0e+00]
  RHS range        [1e+00, 4e+04]

Presolve removed 6043 rows and 2918 columns
Presolve time: 0.00s
Presolved: 284 rows, 3167 columns, 6648 nonzeros
Presolved model has 18 SOS constraint(s)
Variable types: 3167 continuous, 0 integer (0 binary)

Root relaxation: objective 7.256186e+10, 367 iterations, 0.00 seconds (0.00 work units)

    Nodes    |    Current Node    |     Objective Bounds      |     Work
 Expl Unexpl |  Obj  Depth IntInf | Incumbent    BestBd   Gap | It/Node Time

     0     0 7.2562e+10    0    6          - 7.2562e+10      -     -    0s
     0     0 7.2692e+10    0    6          - 7.2692e+10      -     -    0s
     0     0 7.2821e+10    0    6          - 7.2821e+10      -     -    0s
     0     0 7.2936e+10    0    6          - 7.2936e+10      -     -    0s
     0     0 7.3077e+10    0    6          - 7.3077e+10      -     -    0s
     0     0 7.3195e+10    0    6          - 7.3195e+10      -     -    0s
     0     0 7.3307e+10    0    6          - 7.3307e+10      -     -    0s
     0     0 7.3412e+10    0    6          - 7.3412e+10      -     -    0s
     0     0 7.3501e+10    0    6          - 7.3501e+10      -     -    0s
     0     0 7.3600e+10    0    6          - 7.3600e+10      -     -    0s
     0     0 7.3716e+10    0    6          - 7.3716e+10      -     -    0s
     0     0 7.4210e+10    0    6          - 7.4210e+10      -     -    0s
     0     2 7.4210e+10    0    6          - 7.4210e+10      -     -    0s
*  443   229              23    7.860236e+10 7.7345e+10  1.60%  10.9    0s
*  446   229              24    7.778446e+10 7.7345e+10  0.57%  10.9    0s

Explored 478 nodes (5573 simplex iterations) in 0.10 seconds (0.11 work units)
Thread count was 18 (of 18 available processors)

Solution count 3: 7.77845e+10 7.77845e+10 7.86024e+10 

Optimal solution found (tolerance 1.00e-02)
Best objective 7.778446221028e+10, best bound 7.734459993577e+10, gap 0.5655%
+ Solver chosen : GUROBI
+ Processing objective function
+ Processing constraints
+ Calling GUROBI
Set parameter Username
Set parameter LicenseID to value 2812541
Set parameter MIPGap to value 0.01
Set parameter LPWarmStart to value 1
Set parameter NodefileDir to value ""
Set parameter NLPHeur to value 1
Set parameter TuneTimeLimit to value 0
Academic license - for non-commercial use only - expires 2027-04-23
Gurobi Optimizer version 13.0.1 build v13.0.1rc0 (mac64[arm] - Darwin 25.5.0 25F80)

CPU model: Apple M5 Pro
Thread count: 18 physical cores, 18 logical processors, using up to 18 threads

Non-default parameters:
MIPGap  0.01
LPWarmStart  1
NLPHeur  1
TuneTimeLimit  0

Optimize a model with 6327 rows, 6085 columns and 24164 nonzeros (Min)
Model fingerprint: 0x5807a440
Model has 187 linear objective coefficients
Model has 33 SOS constraints
Variable types: 6085 continuous, 0 integer (0 binary)
Coefficient statistics:
  Matrix range     [1e+00, 2e+07]
  Objective range  [9e+03, 1e+09]
  Bounds range     [0e+00, 0e+00]
  RHS range        [1e+00, 2e+04]

Presolve removed 6057 rows and 3609 columns
Presolve time: 0.00s
Presolved: 270 rows, 2476 columns, 5264 nonzeros
Presolved model has 12 SOS constraint(s)
Variable types: 2476 continuous, 0 integer (0 binary)

Root relaxation: objective 1.805403e+10, 355 iterations, 0.00 seconds (0.00 work units)

    Nodes    |    Current Node    |     Objective Bounds      |     Work
 Expl Unexpl |  Obj  Depth IntInf | Incumbent    BestBd   Gap | It/Node Time

     0     0 1.8054e+10    0    4          - 1.8054e+10      -     -    0s
     0     0 1.8060e+10    0    4          - 1.8060e+10      -     -    0s
     0     0 1.8065e+10    0    4          - 1.8065e+10      -     -    0s
     0     0 1.8071e+10    0    4          - 1.8071e+10      -     -    0s
     0     0 1.8077e+10    0    4          - 1.8077e+10      -     -    0s
     0     0 1.8083e+10    0    4          - 1.8083e+10      -     -    0s
     0     0 1.8088e+10    0    4          - 1.8088e+10      -     -    0s
     0     0 1.8094e+10    0    4          - 1.8094e+10      -     -    0s
     0     0 1.8099e+10    0    4          - 1.8099e+10      -     -    0s
     0     0 1.8104e+10    0    4          - 1.8104e+10      -     -    0s
     0     0 1.8110e+10    0    4          - 1.8110e+10      -     -    0s
     0     0 1.8258e+10    0    4          - 1.8258e+10      -     -    0s
     0     2 1.8258e+10    0    4          - 1.8258e+10      -     -    0s
*  200    50              21    2.103082e+10 1.9251e+10  8.46%   5.0    0s
H  207    50                    2.017480e+10 1.9256e+10  4.55%   4.9    0s
H  251    50                    1.972931e+10 1.9256e+10  2.40%   4.2    0s
*  288    39              23    1.970860e+10 1.9256e+10  2.30%   3.9    0s
*  345    47              26    1.946416e+10 1.9256e+10  1.07%   3.8    0s
*  419    23              27    1.945762e+10 1.9256e+10  1.04%   3.7    0s
*  426    23              27    1.945649e+10 1.9256e+10  1.03%   3.8    0s
*  428    23              28    1.945247e+10 1.9256e+10  1.01%   3.8    0s
*  482     6              28    1.942707e+10 1.9256e+10  0.88%   3.7    0s
*  487     6              30    1.942454e+10 1.9256e+10  0.87%   3.7    0s
*  488     6              30    1.942425e+10 1.9256e+10  0.87%   3.7    0s

Explored 518 nodes (2216 simplex iterations) in 0.10 seconds (0.10 work units)
Thread count was 18 (of 18 available processors)

Solution count 10: 1.94243e+10 1.94245e+10 1.94271e+10 ... 2.01748e+10

Optimal solution found (tolerance 1.00e-02)
Best objective 1.942425247734e+10, best bound 1.937076491245e+10, gap 0.2754%
+ Solver chosen : GUROBI
+ Processing objective function
+ Processing constraints
+ Calling GUROBI
Set parameter Username
Set parameter LicenseID to value 2812541
Set parameter MIPGap to value 0.01
Set parameter LPWarmStart to value 1
Set parameter NodefileDir to value ""
Set parameter NLPHeur to value 1
Set parameter TuneTimeLimit to value 0
Academic license - for non-commercial use only - expires 2027-04-23
Gurobi Optimizer version 13.0.1 build v13.0.1rc0 (mac64[arm] - Darwin 25.5.0 25F80)

CPU model: Apple M5 Pro
Thread count: 18 physical cores, 18 logical processors, using up to 18 threads

Non-default parameters:
MIPGap  0.01
LPWarmStart  1
NLPHeur  1
TuneTimeLimit  0

Optimize a model with 6327 rows, 6085 columns and 24164 nonzeros (Min)
Model fingerprint: 0xa0e3bca1
Model has 187 linear objective coefficients
Model has 33 SOS constraints
Variable types: 6085 continuous, 0 integer (0 binary)
Coefficient statistics:
  Matrix range     [1e+00, 2e+07]
  Objective range  [9e+03, 1e+09]
  Bounds range     [0e+00, 0e+00]
  RHS range        [1e+00, 2e+04]

Presolve removed 6050 rows and 3517 columns
Presolve time: 0.00s
Presolved: 277 rows, 2568 columns, 5449 nonzeros
Presolved model has 15 SOS constraint(s)
Variable types: 2568 continuous, 0 integer (0 binary)

Root relaxation: objective 1.329281e+13, 318 iterations, 0.00 seconds (0.00 work units)

    Nodes    |    Current Node    |     Objective Bounds      |     Work
 Expl Unexpl |  Obj  Depth IntInf | Incumbent    BestBd   Gap | It/Node Time

     0     0 1.3293e+13    0    5          - 1.3293e+13      -     -    0s
     0     0 1.3293e+13    0    5          - 1.3293e+13      -     -    0s
     0     0 1.3293e+13    0    5          - 1.3293e+13      -     -    0s
     0     0 1.3293e+13    0    5          - 1.3293e+13      -     -    0s
     0     0 1.3293e+13    0    5          - 1.3293e+13      -     -    0s
     0     0 1.3293e+13    0    5          - 1.3293e+13      -     -    0s
     0     0 1.3293e+13    0    5          - 1.3293e+13      -     -    0s
     0     0 1.3293e+13    0    5          - 1.3293e+13      -     -    0s
     0     0 1.3293e+13    0    5          - 1.3293e+13      -     -    0s
     0     0 1.3293e+13    0    5          - 1.3293e+13      -     -    0s
     0     0 1.3293e+13    0    5          - 1.3293e+13      -     -    0s
     0     0 1.3294e+13    0    5          - 1.3294e+13      -     -    0s
     0     2 1.3294e+13    0    5          - 1.3294e+13      -     -    0s
H  252    36                    1.414838e+13 1.3296e+13  6.02%   3.0    0s
*  344    22              22    1.354983e+13 1.3296e+13  1.87%   3.6    0s
*  350    20              27    1.344273e+13 1.3296e+13  1.09%   3.6    0s
*  352    20              22    1.331207e+13 1.3296e+13  0.12%   3.7    0s

Explored 393 nodes (2046 simplex iterations) in 0.09 seconds (0.10 work units)
Thread count was 18 (of 18 available processors)

Solution count 5: 1.33121e+13 1.33121e+13 1.34427e+13 ... 1.41484e+13

Optimal solution found (tolerance 1.00e-02)
Best objective 1.331206501606e+13, best bound 1.329607698943e+13, gap 0.1201%
+ Solver chosen : GUROBI
+ Processing objective function
+ Processing constraints
+ Calling GUROBI
Set parameter Username
Set parameter LicenseID to value 2812541
Set parameter MIPGap to value 0.01
Set parameter LPWarmStart to value 1
Set parameter NodefileDir to value ""
Set parameter NLPHeur to value 1
Set parameter TuneTimeLimit to value 0
Academic license - for non-commercial use only - expires 2027-04-23
Gurobi Optimizer version 13.0.1 build v13.0.1rc0 (mac64[arm] - Darwin 25.5.0 25F80)

CPU model: Apple M5 Pro
Thread count: 18 physical cores, 18 logical processors, using up to 18 threads

Non-default parameters:
MIPGap  0.01
LPWarmStart  1
NLPHeur  1
TuneTimeLimit  0

Optimize a model with 6327 rows, 6085 columns and 24164 nonzeros (Min)
Model fingerprint: 0x97e2b678
Model has 187 linear objective coefficients
Model has 33 SOS constraints
Variable types: 6085 continuous, 0 integer (0 binary)
Coefficient statistics:
  Matrix range     [1e+00, 2e+07]
  Objective range  [9e+03, 1e+09]
  Bounds range     [0e+00, 0e+00]
  RHS range        [1e+00, 3e+04]

Presolve removed 6050 rows and 3517 columns
Presolve time: 0.00s
Presolved: 277 rows, 2568 columns, 5449 nonzeros
Presolved model has 15 SOS constraint(s)
Variable types: 2568 continuous, 0 integer (0 binary)

Root relaxation: objective 7.171297e+12, 385 iterations, 0.00 seconds (0.01 work units)

    Nodes    |    Current Node    |     Objective Bounds      |     Work
 Expl Unexpl |  Obj  Depth IntInf | Incumbent    BestBd   Gap | It/Node Time

     0     0 7.1713e+12    0    5          - 7.1713e+12      -     -    0s
     0     0 7.1714e+12    0    5          - 7.1714e+12      -     -    0s
     0     0 7.1715e+12    0    5          - 7.1715e+12      -     -    0s
     0     0 7.1715e+12    0    5          - 7.1715e+12      -     -    0s
     0     0 7.1716e+12    0    5          - 7.1716e+12      -     -    0s
     0     0 7.1717e+12    0    5          - 7.1717e+12      -     -    0s
     0     0 7.1718e+12    0    5          - 7.1718e+12      -     -    0s
     0     0 7.1719e+12    0    5          - 7.1719e+12      -     -    0s
     0     0 7.1719e+12    0    5          - 7.1719e+12      -     -    0s
     0     0 7.1720e+12    0    5          - 7.1720e+12      -     -    0s
     0     0 7.1721e+12    0    5          - 7.1721e+12      -     -    0s
     0     0 7.1729e+12    0    5          - 7.1729e+12      -     -    0s
     0     2 7.1729e+12    0    5          - 7.1729e+12      -     -    0s
*  164    82              18    2.153133e+13 7.1760e+12  66.7%   5.9    0s
H  201    86                    1.708548e+13 7.1760e+12  58.0%   5.5    0s
*  205    86              22    1.708134e+13 7.1760e+12  58.0%   5.5    0s
*  285   100              22    1.708077e+13 7.1760e+12  58.0%   4.4    0s
*  366   114              25    1.690857e+13 7.1760e+12  57.6%   3.8    0s
*  367   114              26    1.690792e+13 7.1760e+12  57.6%   3.8    0s
*  403   114              28    9.053375e+12 7.1760e+12  20.7%   3.9    0s
*  451   114              23    8.496621e+12 7.1760e+12  15.5%   3.8    0s
*  477    51              27    8.039425e+12 7.1760e+12  10.7%   3.7    0s
*  479    51              28    8.039188e+12 7.1760e+12  10.7%   3.7    0s
*  481    51              27    8.039114e+12 7.1760e+12  10.7%   3.7    0s
*  486    51              29    7.353456e+12 7.1760e+12  2.41%   3.7    0s
*  487    51              29    7.351797e+12 7.1760e+12  2.39%   3.7    0s
*  514    51              29    7.350867e+12 7.1760e+12  2.38%   3.6    0s
*  615     8              33    7.175992e+12 7.1760e+12  0.00%   3.1    0s

Explored 648 nodes (2464 simplex iterations) in 0.10 seconds (0.09 work units)
Thread count was 18 (of 18 available processors)

Solution count 10: 7.17599e+12 7.17599e+12 7.35087e+12 ... 9.05337e+12

Optimal solution found (tolerance 1.00e-02)
Best objective 7.175991604289e+12, best bound 7.175991604289e+12, gap 0.0000%
+ Solver chosen : GUROBI
+ Processing objective function
+ Processing constraints
+ Calling GUROBI
Set parameter Username
Set parameter LicenseID to value 2812541
Set parameter MIPGap to value 0.01
Set parameter LPWarmStart to value 1
Set parameter NodefileDir to value ""
Set parameter NLPHeur to value 1
Set parameter TuneTimeLimit to value 0
Academic license - for non-commercial use only - expires 2027-04-23
Gurobi Optimizer version 13.0.1 build v13.0.1rc0 (mac64[arm] - Darwin 25.5.0 25F80)

CPU model: Apple M5 Pro
Thread count: 18 physical cores, 18 logical processors, using up to 18 threads

Non-default parameters:
MIPGap  0.01
LPWarmStart  1
NLPHeur  1
TuneTimeLimit  0

Optimize a model with 6327 rows, 6085 columns and 24164 nonzeros (Min)
Model fingerprint: 0x3fbeda03
Model has 187 linear objective coefficients
Model has 33 SOS constraints
Variable types: 6085 continuous, 0 integer (0 binary)
Coefficient statistics:
  Matrix range     [1e+00, 2e+07]
  Objective range  [9e+03, 1e+09]
  Bounds range     [0e+00, 0e+00]
  RHS range        [1e+00, 2e+04]

Presolve removed 6057 rows and 3609 columns
Presolve time: 0.00s
Presolved: 270 rows, 2476 columns, 5264 nonzeros
Presolved model has 12 SOS constraint(s)
Variable types: 2476 continuous, 0 integer (0 binary)

Root relaxation: objective 1.815134e+10, 312 iterations, 0.00 seconds (0.00 work units)

    Nodes    |    Current Node    |     Objective Bounds      |     Work
 Expl Unexpl |  Obj  Depth IntInf | Incumbent    BestBd   Gap | It/Node Time

     0     0 1.8151e+10    0    4          - 1.8151e+10      -     -    0s
     0     0 1.8157e+10    0    4          - 1.8157e+10      -     -    0s
     0     0 1.8163e+10    0    4          - 1.8163e+10      -     -    0s
     0     0 1.8168e+10    0    4          - 1.8168e+10      -     -    0s
     0     0 1.8175e+10    0    4          - 1.8175e+10      -     -    0s
     0     0 1.8181e+10    0    4          - 1.8181e+10      -     -    0s
     0     0 1.8186e+10    0    4          - 1.8186e+10      -     -    0s
     0     0 1.8191e+10    0    4          - 1.8191e+10      -     -    0s
     0     0 1.8196e+10    0    4          - 1.8196e+10      -     -    0s
     0     0 1.8202e+10    0    4          - 1.8202e+10      -     -    0s
     0     0 1.8208e+10    0    4          - 1.8208e+10      -     -    0s
     0     0 1.8298e+10    0    4          - 1.8298e+10      -     -    0s
     0     2 1.8298e+10    0    4          - 1.8298e+10      -     -    0s
*   88    26              14    2.018111e+10 1.9280e+10  4.47%   8.6    0s
*  239    38              24    1.966160e+10 1.9462e+10  1.01%   5.6    0s
*  266    33              27    1.956106e+10 1.9462e+10  0.50%   5.6    0s
*  272    33              28    1.956076e+10 1.9462e+10  0.50%   5.6    0s
*  277    33              28    1.952907e+10 1.9462e+10  0.34%   5.5    0s

Explored 332 nodes (2075 simplex iterations) in 0.08 seconds (0.07 work units)
Thread count was 18 (of 18 available processors)

Solution count 6: 1.95291e+10 1.95291e+10 1.95608e+10 ... 2.01811e+10

Optimal solution found (tolerance 1.00e-02)
Best objective 1.952907082395e+10, best bound 1.946235619959e+10, gap 0.3416%
+ Solver chosen : GUROBI
+ Processing objective function
+ Processing constraints
+ Calling GUROBI
Set parameter Username
Set parameter LicenseID to value 2812541
Set parameter MIPGap to value 0.01
Set parameter LPWarmStart to value 1
Set parameter NodefileDir to value ""
Set parameter NLPHeur to value 1
Set parameter TuneTimeLimit to value 0
Academic license - for non-commercial use only - expires 2027-04-23
Gurobi Optimizer version 13.0.1 build v13.0.1rc0 (mac64[arm] - Darwin 25.5.0 25F80)

CPU model: Apple M5 Pro
Thread count: 18 physical cores, 18 logical processors, using up to 18 threads

Non-default parameters:
MIPGap  0.01
LPWarmStart  1
NLPHeur  1
TuneTimeLimit  0

Optimize a model with 6327 rows, 6085 columns and 24164 nonzeros (Min)
Model fingerprint: 0xa04295bc
Model has 187 linear objective coefficients
Model has 33 SOS constraints
Variable types: 6085 continuous, 0 integer (0 binary)
Coefficient statistics:
  Matrix range     [1e+00, 2e+07]
  Objective range  [9e+03, 1e+09]
  Bounds range     [0e+00, 0e+00]
  RHS range        [1e+00, 2e+04]

Presolve removed 6056 rows and 3607 columns
Presolve time: 0.00s
Presolved: 271 rows, 2478 columns, 5268 nonzeros
Presolved model has 12 SOS constraint(s)
Variable types: 2478 continuous, 0 integer (0 binary)

Root relaxation: objective 2.618546e+13, 1150 iterations, 0.00 seconds (0.02 work units)

    Nodes    |    Current Node    |     Objective Bounds      |     Work
 Expl Unexpl |  Obj  Depth IntInf | Incumbent    BestBd   Gap | It/Node Time

     0     0 2.6185e+13    0    4          - 2.6185e+13      -     -    0s
     0     0 2.6185e+13    0    4          - 2.6185e+13      -     -    0s
     0     0 2.6185e+13    0    4          - 2.6185e+13      -     -    0s
     0     0 2.6185e+13    0    4          - 2.6185e+13      -     -    0s
     0     0 2.6185e+13    0    4          - 2.6185e+13      -     -    0s
     0     0 2.6186e+13    0    4          - 2.6186e+13      -     -    0s
     0     0 2.6186e+13    0    4          - 2.6186e+13      -     -    0s
     0     0 2.6186e+13    0    4          - 2.6186e+13      -     -    0s
     0     0 2.6186e+13    0    4          - 2.6186e+13      -     -    0s
     0     0 2.6186e+13    0    4          - 2.6186e+13      -     -    0s
     0     0 2.6186e+13    0    4          - 2.6186e+13      -     -    0s
     0     0 2.6186e+13    0    4          - 2.6186e+13      -     -    0s
     0     2 2.6186e+13    0    4          - 2.6186e+13      -     -    0s
*  185    38              21    2.804344e+13 2.6188e+13  6.62%  11.4    0s
*  240    31              25    2.620372e+13 2.6188e+13  0.06%  10.6    0s

Explored 296 nodes (3960 simplex iterations) in 0.08 seconds (0.11 work units)
Thread count was 18 (of 18 available processors)

Solution count 2: 2.62037e+13 2.80434e+13 

Optimal solution found (tolerance 1.00e-02)
Best objective 2.620372408871e+13, best bound 2.618768157234e+13, gap 0.0612%
+ Solver chosen : GUROBI
+ Processing objective function
+ Processing constraints
+ Calling GUROBI
Set parameter Username
Set parameter LicenseID to value 2812541
Set parameter MIPGap to value 0.01
Set parameter LPWarmStart to value 1
Set parameter NodefileDir to value ""
Set parameter NLPHeur to value 1
Set parameter TuneTimeLimit to value 0
Academic license - for non-commercial use only - expires 2027-04-23
Gurobi Optimizer version 13.0.1 build v13.0.1rc0 (mac64[arm] - Darwin 25.5.0 25F80)

CPU model: Apple M5 Pro
Thread count: 18 physical cores, 18 logical processors, using up to 18 threads

Non-default parameters:
MIPGap  0.01
LPWarmStart  1
NLPHeur  1
TuneTimeLimit  0

Optimize a model with 6327 rows, 6085 columns and 24164 nonzeros (Min)
Model fingerprint: 0x1f41957c
Model has 187 linear objective coefficients
Model has 33 SOS constraints
Variable types: 6085 continuous, 0 integer (0 binary)
Coefficient statistics:
  Matrix range     [1e+00, 2e+07]
  Objective range  [9e+03, 1e+09]
  Bounds range     [0e+00, 0e+00]
  RHS range        [1e+00, 3e+04]

Presolve removed 6050 rows and 3517 columns
Presolve time: 0.00s
Presolved: 277 rows, 2568 columns, 5449 nonzeros
Presolved model has 15 SOS constraint(s)
Variable types: 2568 continuous, 0 integer (0 binary)

Root relaxation: objective 2.907856e+13, 314 iterations, 0.00 seconds (0.00 work units)

    Nodes    |    Current Node    |     Objective Bounds      |     Work
 Expl Unexpl |  Obj  Depth IntInf | Incumbent    BestBd   Gap | It/Node Time

     0     0 2.9079e+13    0    5          - 2.9079e+13      -     -    0s
     0     0 2.9079e+13    0    5          - 2.9079e+13      -     -    0s
     0     0 2.9079e+13    0    5          - 2.9079e+13      -     -    0s
     0     0 2.9079e+13    0    5          - 2.9079e+13      -     -    0s
     0     0 2.9079e+13    0    5          - 2.9079e+13      -     -    0s
     0     0 2.9079e+13    0    5          - 2.9079e+13      -     -    0s
     0     0 2.9079e+13    0    5          - 2.9079e+13      -     -    0s
     0     0 2.9079e+13    0    5          - 2.9079e+13      -     -    0s
     0     0 2.9079e+13    0    5          - 2.9079e+13      -     -    0s
     0     0 2.9079e+13    0    5          - 2.9079e+13      -     -    0s
     0     0 2.9079e+13    0    5          - 2.9079e+13      -     -    0s
     0     0 2.9079e+13    0    5          - 2.9079e+13      -     -    0s
     0     2 2.9079e+13    0    5          - 2.9079e+13      -     -    0s
*  206    64              18    3.408854e+13 2.9082e+13  14.7%   3.0    0s
*  207    64              19    3.067353e+13 2.9082e+13  5.19%   3.0    0s
*  248    86              22    3.001084e+13 2.9082e+13  3.10%   3.0    0s
*  331    67              23    3.000562e+13 2.9082e+13  3.08%   2.8    0s
*  332    67              23    3.000542e+13 2.9082e+13  3.08%   2.8    0s
*  429    73              26    2.975176e+13 2.9082e+13  2.25%   2.5    0s
*  480    81              30    2.908384e+13 2.9082e+13  0.01%   2.4    0s
*  504    81              30    2.908365e+13 2.9082e+13  0.01%   2.3    0s
H  556    81                    2.908248e+13 2.9082e+13  0.00%   2.3    0s

Explored 579 nodes (1668 simplex iterations) in 0.08 seconds (0.07 work units)
Thread count was 18 (of 18 available processors)

Solution count 10: 2.90825e+13 2.90825e+13 2.90836e+13 ... 3.40885e+13

Optimal solution found (tolerance 1.00e-02)
Best objective 2.908248412058e+13, best bound 2.908197419161e+13, gap 0.0018%
    Year        Scenario         DomesticAbsorptionFactor    ExportPotential_TWh    SolverProblemCode    EuropeanOffshoreSupply_TWh    InternationalImport_TWh    TotalCarbonReduction_Mt    EuropeanOffshoreCarbonContribution_Mt    TopGrossExporter    TopGrossExport_TWh    TopNetExporter    TopNetExport_TWh    IrelandNetExport_TWh    UKNetExport_TWh    IrelandCarbonContribution_Mt    UKCarbonContribution_Mt
    ____    _________________    ________________________    ___________________    _________________    __________________________    _______________________    _______________________    _____________________________________    ________________    __________________    ______________    ________________    ____________________    _______________    ____________________________    _______________________

    2030    "Low absorption"               0.75                    327.54                   0                      213.35                           0                     43.365                            43.365                          "GB"                61.201               "GB"              61.201                16.545               61.201                    3.8315                       17.478         
    2040    "Low absorption"               0.75                    609.98                   0                      609.98                       3.627                     129.78                            128.44                          "GB"                178.05               "GB"              178.05                86.225               178.05                    17.843                       53.601         
    2050    "Low absorption"               0.75                    1003.4                   0                      830.09                           0                      175.6                             175.6                          "GB"                227.41               "GB"              227.41                142.13               227.41                    29.196                       70.544         
    2030    "Base absorption"                 1                    286.67                   0                      213.42                           0                     43.457                            43.457                          "GB"                78.234               "GB"              78.234                14.124               78.234                    3.3521                         20.9         
    2040    "Base absorption"                 1                    494.89                   0                      494.89                      116.21                     129.77                            103.19                          "GB"                122.08               "GB"              122.08                83.132               122.08                    18.907                       41.572         
    2050    "Base absorption"                 1                    766.62                   0                      766.62                      62.227                      175.5                             158.3                          "GB"                162.14               "GB"              162.14                161.86               162.14                    33.104                       56.927         
    2030    "High absorption"              1.25                    248.46                   0                      213.52                           0                     43.508                            43.508                          "GB"                 97.62               "GB"               97.62                11.679                97.62                    2.7001                       24.537         
    2040    "High absorption"              1.25                    379.81                   0                      379.81                      229.24                      129.4                            77.545                          "IE"                77.573               "IE"              77.573                77.573               66.112                    16.655                       29.124         
    2050    "High absorption"              1.25                    570.79                   0                      570.79                       254.3                     175.08                            117.73                          "IE"                154.77               "IE"              154.77                154.77               63.439                    32.405                       35.198         

